
<p>Example Test</p>



<h1>Example title</h1>
<p>Example description</p>

<p>Example resource</p>



<div>This is the foo resource. It has its own scope.</div>
<div>I am from FooClass</div>
